   ▲ Next.js 15.5.7 (Turbopack)
   - Local:        http://localhost:3101
   - Network:      http://192.168.1.7:3101
   - Environments: .env.local
   - Experiments (use with caution):
     · serverActions
     · optimizePackageImports

 ✓ Starting...
 ✓ Compiled middleware in 109ms
 ✓ Ready in 1033ms
 ○ Compiling / ...
 ✓ Compiled / in 2.2s
 GET / 200 in 661ms
 GET / 200 in 490ms
 GET / 200 in 410ms
 GET / 200 in 425ms
 GET / 200 in 418ms
 GET / 200 in 398ms
 GET / 200 in 440ms
 GET / 200 in 457ms
